// Jest Snapshot v1, https://goo.gl/fbAQLP

exports[`renders correctly 1`] = `
<View
  style={
    Object {
      "flex": 1,
      "height": 1334,
    }
  }
  virtual={undefined}
>
  <View>
    <View
      style={
        Object {
          "backgroundColor": "#F8F8F8",
          "borderBottomColor": "#a7a6ab",
          "borderBottomWidth": 0.5,
          "elevation": 3,
          "flexDirection": "row",
          "height": 64,
          "justifyContent": "center",
          "left": 0,
          "paddingLeft": 10,
          "paddingRight": 10,
          "paddingTop": 15,
          "right": 0,
          "top": 0,
        }
      }
      virtual={undefined}
    >
      <View
        style={
          Object {
            "alignItems": "center",
            "alignSelf": "center",
            "flex": 1,
          }
        }
        virtual={undefined}
      >
        <Text
          accessible={true}
          allowFontScaling={true}
          ellipsizeMode="tail"
          numberOfLines={1}
          style={
            Object {
              "color": "#000",
              "fontFamily": "System",
              "fontSize": 17,
              "fontWeight": "600",
              "textAlign": "center",
            }
          }
          virtual={undefined}
        >
          Settings
        </Text>
      </View>
    </View>
  </View>
  <RCTScrollView
    automaticallyAdjustContentInsets={false}
    contentInset={
      Object {
        "bottom": 0,
      }
    }
    enableAutoAutomaticScroll={true}
    enableResetScrollToCoords={true}
    extraHeight={75}
    extraScrollHeight={0}
    keyboardDismissMode="interactive"
    onScroll={[Function]}
    resetScrollToCoords={
      Object {
        "x": 0,
        "y": 0,
      }
    }
    scrollEventThrottle={0}
    showsVerticalScrollIndicator={true}
    style={
      Object {
        "backgroundColor": "transparent",
        "flex": 1,
        "paddingBottom": 20,
        "paddingLeft": 20,
        "paddingRight": 20,
        "paddingTop": 20,
      }
    }
    virtual={undefined}
  >
    <View>
      <View
        accessibilityComponentType={undefined}
        accessibilityLabel={undefined}
        accessibilityTraits={undefined}
        accessible={true}
        hitSlop={undefined}
        isTVSelectable={true}
        onLayout={undefined}
        onResponderGrant={[Function]}
        onResponderMove={[Function]}
        onResponderRelease={[Function]}
        onResponderTerminate={[Function]}
        onResponderTerminationRequest={[Function]}
        onStartShouldSetResponder={[Function]}
        style={
          Object {
            "alignItems": "center",
            "alignSelf": "flex-start",
            "backgroundColor": "#007aff",
            "borderColor": "#007aff",
            "borderRadius": 5,
            "borderWidth": null,
            "elevation": 2,
            "flexDirection": "row",
            "height": 45,
            "justifyContent": "space-between",
            "opacity": 1,
            "paddingBottom": 6,
            "paddingLeft": 16,
            "paddingRight": 16,
            "paddingTop": 6,
          }
        }
        testID={undefined}
        tvParallaxProperties={undefined}
      >
        <Text
          accessible={true}
          allowFontScaling={true}
          ellipsizeMode="tail"
          style={
            Object {
              "color": "#fff",
              "fontFamily": "System",
              "fontSize": 16.5,
              "lineHeight": 19,
              "marginLeft": 0,
              "marginRight": 0,
            }
          }
          virtual={undefined}
        >
          Log out
        </Text>
      </View>
    </View>
  </RCTScrollView>
  <View
    style={
      Object {
        "backgroundColor": "#F8F8F8",
        "borderColor": "#cbcbcb",
        "borderTopWidth": 0.5,
        "elevation": 3,
        "flexDirection": "row",
        "height": 55,
        "justifyContent": "center",
        "left": 0,
        "right": 0,
      }
    }
    virtual={undefined}
  >
    <View
      style={
        Object {
          "alignSelf": "stretch",
          "flex": 1,
          "flexDirection": "row",
          "justifyContent": "space-between",
        }
      }
      virtual={undefined}
    >
      <View
        accessibilityComponentType={undefined}
        accessibilityLabel={undefined}
        accessibilityTraits={undefined}
        accessible={true}
        hitSlop={undefined}
        isTVSelectable={true}
        onLayout={undefined}
        onResponderGrant={[Function]}
        onResponderMove={[Function]}
        onResponderRelease={[Function]}
        onResponderTerminate={[Function]}
        onResponderTerminationRequest={[Function]}
        onStartShouldSetResponder={[Function]}
        style={
          Object {
            "alignItems": "center",
            "alignSelf": "center",
            "backgroundColor": "transparent",
            "borderColor": null,
            "borderRadius": 5,
            "borderWidth": null,
            "elevation": 0,
            "flex": 1,
            "flexDirection": null,
            "height": 55,
            "justifyContent": "center",
            "opacity": 1,
            "paddingBottom": 6,
            "paddingLeft": 16,
            "paddingRight": 16,
            "paddingTop": 6,
            "shadowColor": null,
            "shadowOffset": null,
            "shadowOpacity": null,
            "shadowRadius": null,
          }
        }
        testID={undefined}
        tvParallaxProperties={undefined}
      >
        <Text
          accessible={true}
          allowFontScaling={false}
          ellipsizeMode="tail"
          style={
            Array [
              Object {
                "color": undefined,
                "fontSize": 12,
              },
              Object {
                "color": "#6b6b6b",
                "fontSize": 24,
                "marginLeft": 5,
                "marginRight": 5,
                "paddingTop": 2,
              },
              Object {
                "fontFamily": "Ionicons",
                "fontStyle": "normal",
                "fontWeight": "normal",
              },
            ]
          }
          virtual={undefined}
        >
          
        </Text>
        <Text
          accessible={true}
          allowFontScaling={true}
          ellipsizeMode="tail"
          style={
            Object {
              "color": "#6b6b6b",
              "fontFamily": "System",
              "fontSize": 14,
              "lineHeight": 16,
              "marginLeft": 0,
              "marginRight": 0,
            }
          }
          virtual={undefined}
        >
          Home
        </Text>
      </View>
      <View
        accessibilityComponentType={undefined}
        accessibilityLabel={undefined}
        accessibilityTraits={undefined}
        accessible={true}
        hitSlop={undefined}
        isTVSelectable={true}
        onLayout={undefined}
        onResponderGrant={[Function]}
        onResponderMove={[Function]}
        onResponderRelease={[Function]}
        onResponderTerminate={[Function]}
        onResponderTerminationRequest={[Function]}
        onStartShouldSetResponder={[Function]}
        style={
          Object {
            "alignItems": "center",
            "alignSelf": "center",
            "backgroundColor": "transparent",
            "borderColor": null,
            "borderRadius": 5,
            "borderWidth": null,
            "elevation": 0,
            "flex": 1,
            "flexDirection": null,
            "height": 55,
            "justifyContent": "center",
            "opacity": 1,
            "paddingBottom": 6,
            "paddingLeft": 16,
            "paddingRight": 16,
            "paddingTop": 6,
            "shadowColor": null,
            "shadowOffset": null,
            "shadowOpacity": null,
            "shadowRadius": null,
          }
        }
        testID={undefined}
        tvParallaxProperties={undefined}
      >
        <Text
          accessible={true}
          allowFontScaling={false}
          ellipsizeMode="tail"
          style={
            Array [
              Object {
                "color": undefined,
                "fontSize": 12,
              },
              Object {
                "color": "#6b6b6b",
                "fontSize": 24,
                "marginLeft": 5,
                "marginRight": 5,
                "paddingTop": 2,
              },
              Object {
                "fontFamily": "Ionicons",
                "fontStyle": "normal",
                "fontWeight": "normal",
              },
            ]
          }
          virtual={undefined}
        >
          
        </Text>
        <Text
          accessible={true}
          allowFontScaling={true}
          ellipsizeMode="tail"
          style={
            Object {
              "color": "#6b6b6b",
              "fontFamily": "System",
              "fontSize": 14,
              "lineHeight": 16,
              "marginLeft": 0,
              "marginRight": 0,
            }
          }
          virtual={undefined}
        >
          Camera
        </Text>
      </View>
      <View
        accessibilityComponentType={undefined}
        accessibilityLabel={undefined}
        accessibilityTraits={undefined}
        accessible={true}
        hitSlop={undefined}
        isTVSelectable={true}
        onLayout={undefined}
        onResponderGrant={[Function]}
        onResponderMove={[Function]}
        onResponderRelease={[Function]}
        onResponderTerminate={[Function]}
        onResponderTerminationRequest={[Function]}
        onStartShouldSetResponder={[Function]}
        style={
          Object {
            "alignItems": "center",
            "alignSelf": "center",
            "backgroundColor": "transparent",
            "borderColor": null,
            "borderRadius": 5,
            "borderWidth": null,
            "elevation": 0,
            "flex": 1,
            "flexDirection": null,
            "height": 55,
            "justifyContent": "center",
            "opacity": 1,
            "paddingBottom": 6,
            "paddingLeft": 16,
            "paddingRight": 16,
            "paddingTop": 6,
            "shadowColor": null,
            "shadowOffset": null,
            "shadowOpacity": null,
            "shadowRadius": null,
          }
        }
        testID={undefined}
        tvParallaxProperties={undefined}
      >
        <Text
          accessible={true}
          allowFontScaling={false}
          ellipsizeMode="tail"
          style={
            Array [
              Object {
                "color": undefined,
                "fontSize": 12,
              },
              Object {
                "color": "#6b6b6b",
                "fontSize": 24,
                "marginLeft": 5,
                "marginRight": 5,
                "paddingTop": 2,
              },
              Object {
                "fontFamily": "Ionicons",
                "fontStyle": "normal",
                "fontWeight": "normal",
              },
            ]
          }
          virtual={undefined}
        >
          
        </Text>
        <Text
          accessible={true}
          allowFontScaling={true}
          ellipsizeMode="tail"
          style={
            Object {
              "color": "#6b6b6b",
              "fontFamily": "System",
              "fontSize": 14,
              "lineHeight": 16,
              "marginLeft": 0,
              "marginRight": 0,
            }
          }
          virtual={undefined}
        >
          Images
        </Text>
      </View>
      <View
        accessibilityComponentType={undefined}
        accessibilityLabel={undefined}
        accessibilityTraits={undefined}
        accessible={true}
        hitSlop={undefined}
        isTVSelectable={true}
        onLayout={undefined}
        onResponderGrant={[Function]}
        onResponderMove={[Function]}
        onResponderRelease={[Function]}
        onResponderTerminate={[Function]}
        onResponderTerminationRequest={[Function]}
        onStartShouldSetResponder={[Function]}
        style={
          Object {
            "alignItems": "center",
            "alignSelf": "center",
            "backgroundColor": "#cde1f9",
            "borderColor": null,
            "borderRadius": 5,
            "borderWidth": null,
            "elevation": 0,
            "flex": 1,
            "flexDirection": null,
            "height": 55,
            "justifyContent": "center",
            "opacity": 1,
            "paddingBottom": 6,
            "paddingLeft": 16,
            "paddingRight": 16,
            "paddingTop": 6,
            "shadowColor": null,
            "shadowOffset": null,
            "shadowOpacity": null,
            "shadowRadius": null,
          }
        }
        testID={undefined}
        tvParallaxProperties={undefined}
      >
        <Text
          accessible={true}
          allowFontScaling={false}
          ellipsizeMode="tail"
          style={
            Array [
              Object {
                "color": undefined,
                "fontSize": 12,
              },
              Object {
                "color": "#007aff",
                "fontSize": 24,
                "marginLeft": 5,
                "marginRight": 5,
                "paddingTop": 2,
              },
              Object {
                "fontFamily": "Ionicons",
                "fontStyle": "normal",
                "fontWeight": "normal",
              },
            ]
          }
          virtual={undefined}
        >
          
        </Text>
        <Text
          accessible={true}
          allowFontScaling={true}
          ellipsizeMode="tail"
          style={
            Object {
              "color": "#007aff",
              "fontFamily": "System",
              "fontSize": 14,
              "lineHeight": 16,
              "marginLeft": 0,
              "marginRight": 0,
            }
          }
          virtual={undefined}
        >
          Settings
        </Text>
      </View>
    </View>
  </View>
  <Modal
    animationType="fade"
    hardwareAccelerated={false}
    onRequestClose={[Function]}
    transparent={true}
    visible={false}
  >
    <View
      style={
        Object {
          "flex": 1,
          "justifyContent": "flex-start",
          "margin": 20,
        }
      }
    >
      <View
        danger={false}
        style={
          Object {
            "alignItems": "center",
            "backgroundColor": "rgba(0,0,0,0.8)",
            "borderRadius": 5,
            "flexDirection": "row",
            "justifyContent": "space-between",
            "minHeight": 50,
            "paddingBottom": 10,
            "paddingLeft": 10,
            "paddingRight": 10,
            "paddingTop": 10,
          }
        }
        success={false}
        virtual={undefined}
        warning={false}
      >
        <Text
          accessible={true}
          allowFontScaling={true}
          ellipsizeMode="tail"
          style={
            Object {
              "color": "#fff",
              "fontFamily": "System",
              "fontSize": 16,
            }
          }
          virtual={undefined}
        />
      </View>
    </View>
  </Modal>
</View>
`;
